no_folder
no_folder/a.folder
no_folder/a.folder/file1
no_folder/a.folder/file2
no_folder/fileA
no_folder/fileB
