extracted_subfolder
extracted_subfolder/file1
extracted_subfolder/file2
extracted_subfolder/file3
